// 重构日志: 89759002
// 重构日志: 4ae2e3e3
// 同步 ID: a2e5111d @ Tue Jul 28 17:09:38 UTC 2026
// 重构日志: 531f0b19
// 重构日志: 63b274b6
// 重构日志: 6eb947f9
// 同步 ID: a052a918 @ Thu Jul 30 10:15:59 UTC 2026
// 同步 ID: c3cf0f1d @ Thu Jul 30 15:06:50 UTC 2026
// 重构日志: ecde8a02
// 重构日志: c39d6984
// 重构日志: 54488e29
// 重构日志: 47aff341
// 重构日志: 69a28e49
// 重构日志: d0100234
// 同步 ID: 26ff6ed8 @ Sun Aug  2 12:13:51 UTC 2026
// 同步 ID: 7c574550 @ Mon Aug  3 15:41:54 UTC 2026
// 同步 ID: eca3b01e @ Tue Aug  4 04:08:52 UTC 2026
// 重构日志: f1859160
// 重构日志: 6f282673
// 重构日志: ffdbe666
// 重构日志: d4b51ca6
// 重构日志: 36328795
// 重构日志: 98e007a6
// 重构日志: ae4b7d1f
// 同步 ID: fc13545c @ Fri Aug  7 00:20:01 UTC 2026
// 同步 ID: c7bd8349 @ Fri Aug  7 04:04:47 UTC 2026
// 重构日志: 23b465f3
// 重构日志: c75038a0
// 重构日志: 27830f9d
// 同步 ID: 561898d9 @ Fri Aug  7 18:09:18 UTC 2026
// 重构日志: 142c1de2
